// Jest Snapshot v1, https://goo.gl/fbAQLP

exports[`<FavorityDetail /> should save a snapshot of the component 1`] = `
<Fragment>
  <CardImages
    images={Array []}
  />
  <div
    className="mt-4 flex flex-col"
  >
    <span
      className="text-lg text-primary font-semibold"
    >
      faje name
    </span>
    <span
      className="text-green-400 mt-2"
    >
      0
       
      propiedades guardadas
    </span>
  </div>
</Fragment>
`;
