// Jest Snapshot v1, https://goo.gl/fbAQLP

exports[`<FavorityNewList /> should save a snapshot of the component 1`] = `
<Fragment>
  <Card
    containerStyle=" bg-blue-100 h-full text-blue-400 flex justify-center items-center"
  >
    <VscAdd
      className="text-blue-400"
      size={44}
    />
  </Card>
  <div
    className="flex flex-col justify-center items-center mt-4"
  >
    <span
      className="text-lg text-blue-400 font-medium"
    >
      Crear una nueva lista
    </span>
  </div>
</Fragment>
`;
