// Jest Snapshot v1, https://goo.gl/fbAQLP

exports[`<HomePage /> should save a snapshot of the component 1`] = `
<LayoutApp>
  <div
    className="m-auto container pt-8 md:pt-14"
  >
    <h1
      className="font-semibold text-center text-primary text-2xl md:text-3xl mb-4 md:mb-0"
    >
      Listas de favoritos
    </h1>
    <FavoritesList />
  </div>
</LayoutApp>
`;
